****************************************
Report : timing
        -path_type full
        -delay_type max
        -max_paths 10
        -report_by design
Design : RISCV_Top
Version: O-2018.06-SP1
Date   : Thu Feb 20 02:56:40 2025
****************************************
Information: Timer using 'CRPR'. (TIM-050)

  Startpoint: risc_v/Program_counter/PC_Out_reg[0] (rising edge-triggered flip-flop clocked by clk)
  Endpoint: data_mem_sys/cache_contrl/tags_arr_reg[4][0] (falling edge-triggered flip-flop clocked by clk)
  Mode: default
  Corner: default
  Scenario: default
  Path Group: clk
  Path Type: max

  Point                                            Incr      Path  
  ------------------------------------------------------------------------
  clock clk (rise edge)                            0.00      0.00
  clock network delay (propagated)                 0.11      0.11

  risc_v/Program_counter/PC_Out_reg[0]/CLK (DFFARX1_HVT)
                                                   0.00      0.11 r
  risc_v/Program_counter/PC_Out_reg[0]/Q (DFFARX1_HVT)
                                                   0.13      0.24 r ~
  risc_v/U169/Y (AO22X1_HVT)                       0.09      0.33 r ~
  risc_v/alu/sub_16/U2/Y (INVX0_HVT)               0.03      0.36 f ~
  risc_v/alu/sub_16/U30/Y (NAND2X0_HVT)            0.04      0.40 r ~
  risc_v/alu/sub_16/U2_1/CO (FADDX1_HVT)           0.06      0.46 r ~
  risc_v/alu/sub_16/U2_2/CO (FADDX1_HVT)           0.06      0.52 r ~
  risc_v/alu/sub_16/U2_3/CO (FADDX1_HVT)           0.06      0.58 r ~
  risc_v/alu/sub_16/U2_4/CO (FADDX1_HVT)           0.06      0.64 r ~
  risc_v/alu/sub_16/U2_5/CO (FADDX1_HVT)           0.06      0.70 r ~
  risc_v/alu/sub_16/U2_6/CO (FADDX1_HVT)           0.06      0.75 r ~
  risc_v/alu/sub_16/U2_7/CO (FADDX1_HVT)           0.06      0.81 r ~
  risc_v/alu/sub_16/U2_8/CO (FADDX1_HVT)           0.06      0.88 r ~
  risc_v/alu/sub_16/U2_9/CO (FADDX1_HVT)           0.07      0.95 r ~
  risc_v/alu/sub_16/U2_10/CO (FADDX1_HVT)          0.06      1.01 r ~
  risc_v/alu/sub_16/U2_11/S (FADDX1_HVT)           0.08      1.10 f ~
  risc_v/alu/U75/Y (AOI222X1_HVT)                  0.06      1.16 r ~
  risc_v/alu/U73/Y (NAND2X0_HVT)                   0.12      1.28 f ~
  risc_v/U280/Y (AND2X4_HVT)                       0.10      1.38 f ~
  data_mem_sys/cache_contrl/U290/Y (INVX0_HVT)     0.03      1.41 r ~
  data_mem_sys/cache_contrl/U329/Y (INVX1_HVT)     0.07      1.48 f ~
  data_mem_sys/cache_contrl/U228/Y (XNOR2X1_HVT)   0.08      1.56 r ~
  data_mem_sys/cache_contrl/U244/Y (NAND3X0_HVT)   0.03      1.59 f ~
  data_mem_sys/cache_contrl/U242/Y (AO21X1_HVT)    0.05      1.64 f ~
  data_mem_sys/cache_contrl/U241/Y (NAND2X0_HVT)   0.04      1.68 r ~
  data_mem_sys/cache_contrl/U420/Y (INVX0_HVT)     0.02      1.70 f ~
  data_mem_sys/cache_contrl/U238/Y (NAND3X0_HVT)   0.03      1.73 r ~
  data_mem_sys/cache_contrl/U230/Y (NAND2X0_HVT)   0.04      1.77 f ~
  data_mem_sys/cache_contrl/U285/Y (AND3X2_HVT)    0.06      1.83 f ~
  data_mem_sys/cache_contrl/U178/Y (AND2X1_HVT)    0.06      1.89 f ~
  data_mem_sys/cache_contrl/U173/Y (NAND2X0_HVT)   0.07      1.97 r ~
  data_mem_sys/cache_contrl/U300/Y (INVX0_HVT)     0.04      2.01 f ~
  data_mem_sys/cache_contrl/U33/Y (AO22X1_HVT)     0.05      2.06 f ~
  data_mem_sys/cache_contrl/tags_arr_reg[4][0]/D (DFFNARX1_HVT)
                                                   0.00      2.06 f
  data arrival time                                          2.06

  clock clk (fall edge)                           10.00     10.00
  clock network delay (propagated)                 0.10     10.10
  clock reconvergence pessimism                    0.01     10.11
  data_mem_sys/cache_contrl/tags_arr_reg[4][0]/CLK (DFFNARX1_HVT)
                                                   0.00     10.11 f
  clock uncertainty                               -0.05     10.06
  library setup time                              -0.04     10.02
  data required time                                        10.02
  ------------------------------------------------------------------------
  data required time                                        10.02
  data arrival time                                         -2.06
  ------------------------------------------------------------------------
  slack (MET)                                                7.96



  Startpoint: risc_v/Program_counter/PC_Out_reg[0] (rising edge-triggered flip-flop clocked by clk)
  Endpoint: data_mem_sys/cache_contrl/tags_arr_reg[4][2] (falling edge-triggered flip-flop clocked by clk)
  Mode: default
  Corner: default
  Scenario: default
  Path Group: clk
  Path Type: max

  Point                                            Incr      Path  
  ------------------------------------------------------------------------
  clock clk (rise edge)                            0.00      0.00
  clock network delay (propagated)                 0.11      0.11

  risc_v/Program_counter/PC_Out_reg[0]/CLK (DFFARX1_HVT)
                                                   0.00      0.11 r
  risc_v/Program_counter/PC_Out_reg[0]/Q (DFFARX1_HVT)
                                                   0.13      0.24 r ~
  risc_v/U169/Y (AO22X1_HVT)                       0.09      0.33 r ~
  risc_v/alu/sub_16/U2/Y (INVX0_HVT)               0.03      0.36 f ~
  risc_v/alu/sub_16/U30/Y (NAND2X0_HVT)            0.04      0.40 r ~
  risc_v/alu/sub_16/U2_1/CO (FADDX1_HVT)           0.06      0.46 r ~
  risc_v/alu/sub_16/U2_2/CO (FADDX1_HVT)           0.06      0.52 r ~
  risc_v/alu/sub_16/U2_3/CO (FADDX1_HVT)           0.06      0.58 r ~
  risc_v/alu/sub_16/U2_4/CO (FADDX1_HVT)           0.06      0.64 r ~
  risc_v/alu/sub_16/U2_5/CO (FADDX1_HVT)           0.06      0.70 r ~
  risc_v/alu/sub_16/U2_6/CO (FADDX1_HVT)           0.06      0.75 r ~
  risc_v/alu/sub_16/U2_7/CO (FADDX1_HVT)           0.06      0.81 r ~
  risc_v/alu/sub_16/U2_8/CO (FADDX1_HVT)           0.06      0.88 r ~
  risc_v/alu/sub_16/U2_9/CO (FADDX1_HVT)           0.07      0.95 r ~
  risc_v/alu/sub_16/U2_10/CO (FADDX1_HVT)          0.06      1.01 r ~
  risc_v/alu/sub_16/U2_11/S (FADDX1_HVT)           0.08      1.10 f ~
  risc_v/alu/U75/Y (AOI222X1_HVT)                  0.06      1.16 r ~
  risc_v/alu/U73/Y (NAND2X0_HVT)                   0.12      1.28 f ~
  risc_v/U280/Y (AND2X4_HVT)                       0.10      1.38 f ~
  data_mem_sys/cache_contrl/U290/Y (INVX0_HVT)     0.03      1.41 r ~
  data_mem_sys/cache_contrl/U329/Y (INVX1_HVT)     0.07      1.48 f ~
  data_mem_sys/cache_contrl/U228/Y (XNOR2X1_HVT)   0.08      1.56 r ~
  data_mem_sys/cache_contrl/U244/Y (NAND3X0_HVT)   0.03      1.59 f ~
  data_mem_sys/cache_contrl/U242/Y (AO21X1_HVT)    0.05      1.64 f ~
  data_mem_sys/cache_contrl/U241/Y (NAND2X0_HVT)   0.04      1.68 r ~
  data_mem_sys/cache_contrl/U420/Y (INVX0_HVT)     0.02      1.70 f ~
  data_mem_sys/cache_contrl/U238/Y (NAND3X0_HVT)   0.03      1.73 r ~
  data_mem_sys/cache_contrl/U230/Y (NAND2X0_HVT)   0.04      1.77 f ~
  data_mem_sys/cache_contrl/U285/Y (AND3X2_HVT)    0.06      1.83 f ~
  data_mem_sys/cache_contrl/U178/Y (AND2X1_HVT)    0.06      1.89 f ~
  data_mem_sys/cache_contrl/U173/Y (NAND2X0_HVT)   0.07      1.97 r ~
  data_mem_sys/cache_contrl/U300/Y (INVX0_HVT)     0.04      2.01 f ~
  data_mem_sys/cache_contrl/U35/Y (AO22X1_HVT)     0.05      2.06 f ~
  data_mem_sys/cache_contrl/tags_arr_reg[4][2]/D (DFFNARX1_HVT)
                                                   0.00      2.06 f
  data arrival time                                          2.06

  clock clk (fall edge)                           10.00     10.00
  clock network delay (propagated)                 0.10     10.10
  clock reconvergence pessimism                    0.01     10.11
  data_mem_sys/cache_contrl/tags_arr_reg[4][2]/CLK (DFFNARX1_HVT)
                                                   0.00     10.11 f
  clock uncertainty                               -0.05     10.06
  library setup time                              -0.04     10.02
  data required time                                        10.02
  ------------------------------------------------------------------------
  data required time                                        10.02
  data arrival time                                         -2.06
  ------------------------------------------------------------------------
  slack (MET)                                                7.96



  Startpoint: risc_v/Program_counter/PC_Out_reg[0] (rising edge-triggered flip-flop clocked by clk)
  Endpoint: data_mem_sys/cache_contrl/tags_arr_reg[5][2] (falling edge-triggered flip-flop clocked by clk)
  Mode: default
  Corner: default
  Scenario: default
  Path Group: clk
  Path Type: max

  Point                                            Incr      Path  
  ------------------------------------------------------------------------
  clock clk (rise edge)                            0.00      0.00
  clock network delay (propagated)                 0.11      0.11

  risc_v/Program_counter/PC_Out_reg[0]/CLK (DFFARX1_HVT)
                                                   0.00      0.11 r
  risc_v/Program_counter/PC_Out_reg[0]/Q (DFFARX1_HVT)
                                                   0.13      0.24 r ~
  risc_v/U169/Y (AO22X1_HVT)                       0.09      0.33 r ~
  risc_v/alu/sub_16/U2/Y (INVX0_HVT)               0.03      0.36 f ~
  risc_v/alu/sub_16/U30/Y (NAND2X0_HVT)            0.04      0.40 r ~
  risc_v/alu/sub_16/U2_1/CO (FADDX1_HVT)           0.06      0.46 r ~
  risc_v/alu/sub_16/U2_2/CO (FADDX1_HVT)           0.06      0.52 r ~
  risc_v/alu/sub_16/U2_3/CO (FADDX1_HVT)           0.06      0.58 r ~
  risc_v/alu/sub_16/U2_4/CO (FADDX1_HVT)           0.06      0.64 r ~
  risc_v/alu/sub_16/U2_5/CO (FADDX1_HVT)           0.06      0.70 r ~
  risc_v/alu/sub_16/U2_6/CO (FADDX1_HVT)           0.06      0.75 r ~
  risc_v/alu/sub_16/U2_7/CO (FADDX1_HVT)           0.06      0.81 r ~
  risc_v/alu/sub_16/U2_8/CO (FADDX1_HVT)           0.06      0.88 r ~
  risc_v/alu/sub_16/U2_9/CO (FADDX1_HVT)           0.07      0.95 r ~
  risc_v/alu/sub_16/U2_10/CO (FADDX1_HVT)          0.06      1.01 r ~
  risc_v/alu/sub_16/U2_11/S (FADDX1_HVT)           0.08      1.10 f ~
  risc_v/alu/U75/Y (AOI222X1_HVT)                  0.06      1.16 r ~
  risc_v/alu/U73/Y (NAND2X0_HVT)                   0.12      1.28 f ~
  risc_v/U280/Y (AND2X4_HVT)                       0.10      1.38 f ~
  data_mem_sys/cache_contrl/U290/Y (INVX0_HVT)     0.03      1.41 r ~
  data_mem_sys/cache_contrl/U329/Y (INVX1_HVT)     0.07      1.48 f ~
  data_mem_sys/cache_contrl/U228/Y (XNOR2X1_HVT)   0.08      1.56 r ~
  data_mem_sys/cache_contrl/U244/Y (NAND3X0_HVT)   0.03      1.59 f ~
  data_mem_sys/cache_contrl/U242/Y (AO21X1_HVT)    0.05      1.64 f ~
  data_mem_sys/cache_contrl/U241/Y (NAND2X0_HVT)   0.04      1.68 r ~
  data_mem_sys/cache_contrl/U420/Y (INVX0_HVT)     0.02      1.70 f ~
  data_mem_sys/cache_contrl/U238/Y (NAND3X0_HVT)   0.03      1.73 r ~
  data_mem_sys/cache_contrl/U230/Y (NAND2X0_HVT)   0.04      1.77 f ~
  data_mem_sys/cache_contrl/U285/Y (AND3X2_HVT)    0.06      1.83 f ~
  data_mem_sys/cache_contrl/U333/Y (AND2X1_HVT)    0.07      1.89 f ~
  data_mem_sys/cache_contrl/U175/Y (NAND2X0_HVT)   0.07      1.97 r ~
  data_mem_sys/cache_contrl/U297/Y (INVX0_HVT)     0.04      2.01 f ~
  data_mem_sys/cache_contrl/U39/Y (AO22X1_HVT)     0.05      2.06 f ~
  data_mem_sys/cache_contrl/tags_arr_reg[5][2]/D (DFFNARX1_HVT)
                                                   0.00      2.06 f
  data arrival time                                          2.06

  clock clk (fall edge)                           10.00     10.00
  clock network delay (propagated)                 0.10     10.10
  clock reconvergence pessimism                    0.01     10.11
  data_mem_sys/cache_contrl/tags_arr_reg[5][2]/CLK (DFFNARX1_HVT)
                                                   0.00     10.11 f
  clock uncertainty                               -0.05     10.06
  library setup time                              -0.04     10.02
  data required time                                        10.02
  ------------------------------------------------------------------------
  data required time                                        10.02
  data arrival time                                         -2.06
  ------------------------------------------------------------------------
  slack (MET)                                                7.96



  Startpoint: risc_v/Program_counter/PC_Out_reg[0] (rising edge-triggered flip-flop clocked by clk)
  Endpoint: data_mem_sys/cache_contrl/tags_arr_reg[4][1] (falling edge-triggered flip-flop clocked by clk)
  Mode: default
  Corner: default
  Scenario: default
  Path Group: clk
  Path Type: max

  Point                                            Incr      Path  
  ------------------------------------------------------------------------
  clock clk (rise edge)                            0.00      0.00
  clock network delay (propagated)                 0.11      0.11

  risc_v/Program_counter/PC_Out_reg[0]/CLK (DFFARX1_HVT)
                                                   0.00      0.11 r
  risc_v/Program_counter/PC_Out_reg[0]/Q (DFFARX1_HVT)
                                                   0.13      0.24 r ~
  risc_v/U169/Y (AO22X1_HVT)                       0.09      0.33 r ~
  risc_v/alu/sub_16/U2/Y (INVX0_HVT)               0.03      0.36 f ~
  risc_v/alu/sub_16/U30/Y (NAND2X0_HVT)            0.04      0.40 r ~
  risc_v/alu/sub_16/U2_1/CO (FADDX1_HVT)           0.06      0.46 r ~
  risc_v/alu/sub_16/U2_2/CO (FADDX1_HVT)           0.06      0.52 r ~
  risc_v/alu/sub_16/U2_3/CO (FADDX1_HVT)           0.06      0.58 r ~
  risc_v/alu/sub_16/U2_4/CO (FADDX1_HVT)           0.06      0.64 r ~
  risc_v/alu/sub_16/U2_5/CO (FADDX1_HVT)           0.06      0.70 r ~
  risc_v/alu/sub_16/U2_6/CO (FADDX1_HVT)           0.06      0.75 r ~
  risc_v/alu/sub_16/U2_7/CO (FADDX1_HVT)           0.06      0.81 r ~
  risc_v/alu/sub_16/U2_8/CO (FADDX1_HVT)           0.06      0.88 r ~
  risc_v/alu/sub_16/U2_9/CO (FADDX1_HVT)           0.07      0.95 r ~
  risc_v/alu/sub_16/U2_10/CO (FADDX1_HVT)          0.06      1.01 r ~
  risc_v/alu/sub_16/U2_11/S (FADDX1_HVT)           0.08      1.10 f ~
  risc_v/alu/U75/Y (AOI222X1_HVT)                  0.06      1.16 r ~
  risc_v/alu/U73/Y (NAND2X0_HVT)                   0.12      1.28 f ~
  risc_v/U280/Y (AND2X4_HVT)                       0.10      1.38 f ~
  data_mem_sys/cache_contrl/U290/Y (INVX0_HVT)     0.03      1.41 r ~
  data_mem_sys/cache_contrl/U329/Y (INVX1_HVT)     0.07      1.48 f ~
  data_mem_sys/cache_contrl/U228/Y (XNOR2X1_HVT)   0.08      1.56 r ~
  data_mem_sys/cache_contrl/U244/Y (NAND3X0_HVT)   0.03      1.59 f ~
  data_mem_sys/cache_contrl/U242/Y (AO21X1_HVT)    0.05      1.64 f ~
  data_mem_sys/cache_contrl/U241/Y (NAND2X0_HVT)   0.04      1.68 r ~
  data_mem_sys/cache_contrl/U420/Y (INVX0_HVT)     0.02      1.70 f ~
  data_mem_sys/cache_contrl/U238/Y (NAND3X0_HVT)   0.03      1.73 r ~
  data_mem_sys/cache_contrl/U230/Y (NAND2X0_HVT)   0.04      1.77 f ~
  data_mem_sys/cache_contrl/U285/Y (AND3X2_HVT)    0.06      1.83 f ~
  data_mem_sys/cache_contrl/U178/Y (AND2X1_HVT)    0.06      1.89 f ~
  data_mem_sys/cache_contrl/U173/Y (NAND2X0_HVT)   0.07      1.97 r ~
  data_mem_sys/cache_contrl/U300/Y (INVX0_HVT)     0.04      2.01 f ~
  data_mem_sys/cache_contrl/U34/Y (AO22X1_HVT)     0.05      2.06 f ~
  data_mem_sys/cache_contrl/tags_arr_reg[4][1]/D (DFFNARX1_HVT)
                                                   0.00      2.06 f
  data arrival time                                          2.06

  clock clk (fall edge)                           10.00     10.00
  clock network delay (propagated)                 0.10     10.10
  clock reconvergence pessimism                    0.01     10.11
  data_mem_sys/cache_contrl/tags_arr_reg[4][1]/CLK (DFFNARX1_HVT)
                                                   0.00     10.11 f
  clock uncertainty                               -0.05     10.06
  library setup time                              -0.04     10.02
  data required time                                        10.02
  ------------------------------------------------------------------------
  data required time                                        10.02
  data arrival time                                         -2.06
  ------------------------------------------------------------------------
  slack (MET)                                                7.96



  Startpoint: risc_v/Program_counter/PC_Out_reg[0] (rising edge-triggered flip-flop clocked by clk)
  Endpoint: data_mem_sys/cache_contrl/tags_arr_reg[3][2] (falling edge-triggered flip-flop clocked by clk)
  Mode: default
  Corner: default
  Scenario: default
  Path Group: clk
  Path Type: max

  Point                                            Incr      Path  
  ------------------------------------------------------------------------
  clock clk (rise edge)                            0.00      0.00
  clock network delay (propagated)                 0.11      0.11

  risc_v/Program_counter/PC_Out_reg[0]/CLK (DFFARX1_HVT)
                                                   0.00      0.11 r
  risc_v/Program_counter/PC_Out_reg[0]/Q (DFFARX1_HVT)
                                                   0.13      0.24 r ~
  risc_v/U169/Y (AO22X1_HVT)                       0.09      0.33 r ~
  risc_v/alu/sub_16/U2/Y (INVX0_HVT)               0.03      0.36 f ~
  risc_v/alu/sub_16/U30/Y (NAND2X0_HVT)            0.04      0.40 r ~
  risc_v/alu/sub_16/U2_1/CO (FADDX1_HVT)           0.06      0.46 r ~
  risc_v/alu/sub_16/U2_2/CO (FADDX1_HVT)           0.06      0.52 r ~
  risc_v/alu/sub_16/U2_3/CO (FADDX1_HVT)           0.06      0.58 r ~
  risc_v/alu/sub_16/U2_4/CO (FADDX1_HVT)           0.06      0.64 r ~
  risc_v/alu/sub_16/U2_5/CO (FADDX1_HVT)           0.06      0.70 r ~
  risc_v/alu/sub_16/U2_6/CO (FADDX1_HVT)           0.06      0.75 r ~
  risc_v/alu/sub_16/U2_7/CO (FADDX1_HVT)           0.06      0.81 r ~
  risc_v/alu/sub_16/U2_8/CO (FADDX1_HVT)           0.06      0.88 r ~
  risc_v/alu/sub_16/U2_9/CO (FADDX1_HVT)           0.07      0.95 r ~
  risc_v/alu/sub_16/U2_10/CO (FADDX1_HVT)          0.06      1.01 r ~
  risc_v/alu/sub_16/U2_11/S (FADDX1_HVT)           0.08      1.10 f ~
  risc_v/alu/U75/Y (AOI222X1_HVT)                  0.06      1.16 r ~
  risc_v/alu/U73/Y (NAND2X0_HVT)                   0.12      1.28 f ~
  risc_v/U280/Y (AND2X4_HVT)                       0.10      1.38 f ~
  data_mem_sys/cache_contrl/U290/Y (INVX0_HVT)     0.03      1.41 r ~
  data_mem_sys/cache_contrl/U329/Y (INVX1_HVT)     0.07      1.48 f ~
  data_mem_sys/cache_contrl/U228/Y (XNOR2X1_HVT)   0.08      1.56 r ~
  data_mem_sys/cache_contrl/U244/Y (NAND3X0_HVT)   0.03      1.59 f ~
  data_mem_sys/cache_contrl/U242/Y (AO21X1_HVT)    0.05      1.64 f ~
  data_mem_sys/cache_contrl/U241/Y (NAND2X0_HVT)   0.04      1.68 r ~
  data_mem_sys/cache_contrl/U420/Y (INVX0_HVT)     0.02      1.70 f ~
  data_mem_sys/cache_contrl/U238/Y (NAND3X0_HVT)   0.03      1.73 r ~
  data_mem_sys/cache_contrl/U230/Y (NAND2X0_HVT)   0.04      1.77 f ~
  data_mem_sys/cache_contrl/U285/Y (AND3X2_HVT)    0.06      1.83 f ~
  data_mem_sys/cache_contrl/U333/Y (AND2X1_HVT)    0.07      1.89 f ~
  data_mem_sys/cache_contrl/U171/Y (NAND2X0_HVT)   0.08      1.97 r ~
  data_mem_sys/cache_contrl/U296/Y (INVX0_HVT)     0.04      2.01 f ~
  data_mem_sys/cache_contrl/U31/Y (AO22X1_HVT)     0.05      2.06 f ~
  data_mem_sys/cache_contrl/tags_arr_reg[3][2]/D (DFFNARX1_HVT)
                                                   0.00      2.06 f
  data arrival time                                          2.06

  clock clk (fall edge)                           10.00     10.00
  clock network delay (propagated)                 0.10     10.10
  clock reconvergence pessimism                    0.01     10.11
  data_mem_sys/cache_contrl/tags_arr_reg[3][2]/CLK (DFFNARX1_HVT)
                                                   0.00     10.11 f
  clock uncertainty                               -0.05     10.06
  library setup time                              -0.04     10.02
  data required time                                        10.02
  ------------------------------------------------------------------------
  data required time                                        10.02
  data arrival time                                         -2.06
  ------------------------------------------------------------------------
  slack (MET)                                                7.96



  Startpoint: risc_v/Program_counter/PC_Out_reg[0] (rising edge-triggered flip-flop clocked by clk)
  Endpoint: data_mem_sys/cache_contrl/tags_arr_reg[29][2] (falling edge-triggered flip-flop clocked by clk)
  Mode: default
  Corner: default
  Scenario: default
  Path Group: clk
  Path Type: max

  Point                                            Incr      Path  
  ------------------------------------------------------------------------
  clock clk (rise edge)                            0.00      0.00
  clock network delay (propagated)                 0.11      0.11

  risc_v/Program_counter/PC_Out_reg[0]/CLK (DFFARX1_HVT)
                                                   0.00      0.11 r
  risc_v/Program_counter/PC_Out_reg[0]/Q (DFFARX1_HVT)
                                                   0.13      0.24 r ~
  risc_v/U169/Y (AO22X1_HVT)                       0.09      0.33 r ~
  risc_v/alu/sub_16/U2/Y (INVX0_HVT)               0.03      0.36 f ~
  risc_v/alu/sub_16/U30/Y (NAND2X0_HVT)            0.04      0.40 r ~
  risc_v/alu/sub_16/U2_1/CO (FADDX1_HVT)           0.06      0.46 r ~
  risc_v/alu/sub_16/U2_2/CO (FADDX1_HVT)           0.06      0.52 r ~
  risc_v/alu/sub_16/U2_3/CO (FADDX1_HVT)           0.06      0.58 r ~
  risc_v/alu/sub_16/U2_4/CO (FADDX1_HVT)           0.06      0.64 r ~
  risc_v/alu/sub_16/U2_5/CO (FADDX1_HVT)           0.06      0.70 r ~
  risc_v/alu/sub_16/U2_6/CO (FADDX1_HVT)           0.06      0.75 r ~
  risc_v/alu/sub_16/U2_7/CO (FADDX1_HVT)           0.06      0.81 r ~
  risc_v/alu/sub_16/U2_8/CO (FADDX1_HVT)           0.06      0.88 r ~
  risc_v/alu/sub_16/U2_9/CO (FADDX1_HVT)           0.07      0.95 r ~
  risc_v/alu/sub_16/U2_10/CO (FADDX1_HVT)          0.06      1.01 r ~
  risc_v/alu/sub_16/U2_11/S (FADDX1_HVT)           0.08      1.10 f ~
  risc_v/alu/U75/Y (AOI222X1_HVT)                  0.06      1.16 r ~
  risc_v/alu/U73/Y (NAND2X0_HVT)                   0.12      1.28 f ~
  risc_v/U280/Y (AND2X4_HVT)                       0.10      1.38 f ~
  data_mem_sys/cache_contrl/U290/Y (INVX0_HVT)     0.03      1.41 r ~
  data_mem_sys/cache_contrl/U329/Y (INVX1_HVT)     0.07      1.48 f ~
  data_mem_sys/cache_contrl/U228/Y (XNOR2X1_HVT)   0.08      1.56 r ~
  data_mem_sys/cache_contrl/U244/Y (NAND3X0_HVT)   0.03      1.59 f ~
  data_mem_sys/cache_contrl/U242/Y (AO21X1_HVT)    0.05      1.64 f ~
  data_mem_sys/cache_contrl/U241/Y (NAND2X0_HVT)   0.04      1.68 r ~
  data_mem_sys/cache_contrl/U420/Y (INVX0_HVT)     0.02      1.70 f ~
  data_mem_sys/cache_contrl/U238/Y (NAND3X0_HVT)   0.03      1.73 r ~
  data_mem_sys/cache_contrl/U439/Y (NAND2X0_HVT)   0.04      1.77 f ~
  data_mem_sys/cache_contrl/U232/Y (AND3X2_HVT)    0.06      1.83 f ~
  data_mem_sys/cache_contrl/U159/Y (AND2X1_HVT)    0.06      1.89 f ~
  data_mem_sys/cache_contrl/U158/Y (NAND2X0_HVT)   0.07      1.96 r ~
  data_mem_sys/cache_contrl/U305/Y (INVX0_HVT)     0.05      2.01 f ~
  data_mem_sys/cache_contrl/U135/Y (AO22X1_HVT)    0.05      2.06 f ~
  data_mem_sys/cache_contrl/tags_arr_reg[29][2]/D (DFFNARX1_HVT)
                                                   0.00      2.06 f
  data arrival time                                          2.06

  clock clk (fall edge)                           10.00     10.00
  clock network delay (propagated)                 0.10     10.10
  clock reconvergence pessimism                    0.01     10.11
  data_mem_sys/cache_contrl/tags_arr_reg[29][2]/CLK (DFFNARX1_HVT)
                                                   0.00     10.11 f
  clock uncertainty                               -0.05     10.06
  library setup time                              -0.04     10.02
  data required time                                        10.02
  ------------------------------------------------------------------------
  data required time                                        10.02
  data arrival time                                         -2.06
  ------------------------------------------------------------------------
  slack (MET)                                                7.97



  Startpoint: risc_v/Program_counter/PC_Out_reg[0] (rising edge-triggered flip-flop clocked by clk)
  Endpoint: data_mem_sys/cache_contrl/tags_arr_reg[3][0] (falling edge-triggered flip-flop clocked by clk)
  Mode: default
  Corner: default
  Scenario: default
  Path Group: clk
  Path Type: max

  Point                                            Incr      Path  
  ------------------------------------------------------------------------
  clock clk (rise edge)                            0.00      0.00
  clock network delay (propagated)                 0.11      0.11

  risc_v/Program_counter/PC_Out_reg[0]/CLK (DFFARX1_HVT)
                                                   0.00      0.11 r
  risc_v/Program_counter/PC_Out_reg[0]/Q (DFFARX1_HVT)
                                                   0.13      0.24 r ~
  risc_v/U169/Y (AO22X1_HVT)                       0.09      0.33 r ~
  risc_v/alu/sub_16/U2/Y (INVX0_HVT)               0.03      0.36 f ~
  risc_v/alu/sub_16/U30/Y (NAND2X0_HVT)            0.04      0.40 r ~
  risc_v/alu/sub_16/U2_1/CO (FADDX1_HVT)           0.06      0.46 r ~
  risc_v/alu/sub_16/U2_2/CO (FADDX1_HVT)           0.06      0.52 r ~
  risc_v/alu/sub_16/U2_3/CO (FADDX1_HVT)           0.06      0.58 r ~
  risc_v/alu/sub_16/U2_4/CO (FADDX1_HVT)           0.06      0.64 r ~
  risc_v/alu/sub_16/U2_5/CO (FADDX1_HVT)           0.06      0.70 r ~
  risc_v/alu/sub_16/U2_6/CO (FADDX1_HVT)           0.06      0.75 r ~
  risc_v/alu/sub_16/U2_7/CO (FADDX1_HVT)           0.06      0.81 r ~
  risc_v/alu/sub_16/U2_8/CO (FADDX1_HVT)           0.06      0.88 r ~
  risc_v/alu/sub_16/U2_9/CO (FADDX1_HVT)           0.07      0.95 r ~
  risc_v/alu/sub_16/U2_10/CO (FADDX1_HVT)          0.06      1.01 r ~
  risc_v/alu/sub_16/U2_11/S (FADDX1_HVT)           0.08      1.10 f ~
  risc_v/alu/U75/Y (AOI222X1_HVT)                  0.06      1.16 r ~
  risc_v/alu/U73/Y (NAND2X0_HVT)                   0.12      1.28 f ~
  risc_v/U280/Y (AND2X4_HVT)                       0.10      1.38 f ~
  data_mem_sys/cache_contrl/U290/Y (INVX0_HVT)     0.03      1.41 r ~
  data_mem_sys/cache_contrl/U329/Y (INVX1_HVT)     0.07      1.48 f ~
  data_mem_sys/cache_contrl/U228/Y (XNOR2X1_HVT)   0.08      1.56 r ~
  data_mem_sys/cache_contrl/U244/Y (NAND3X0_HVT)   0.03      1.59 f ~
  data_mem_sys/cache_contrl/U242/Y (AO21X1_HVT)    0.05      1.64 f ~
  data_mem_sys/cache_contrl/U241/Y (NAND2X0_HVT)   0.04      1.68 r ~
  data_mem_sys/cache_contrl/U420/Y (INVX0_HVT)     0.02      1.70 f ~
  data_mem_sys/cache_contrl/U238/Y (NAND3X0_HVT)   0.03      1.73 r ~
  data_mem_sys/cache_contrl/U230/Y (NAND2X0_HVT)   0.04      1.77 f ~
  data_mem_sys/cache_contrl/U285/Y (AND3X2_HVT)    0.06      1.83 f ~
  data_mem_sys/cache_contrl/U333/Y (AND2X1_HVT)    0.07      1.89 f ~
  data_mem_sys/cache_contrl/U171/Y (NAND2X0_HVT)   0.08      1.97 r ~
  data_mem_sys/cache_contrl/U296/Y (INVX0_HVT)     0.04      2.01 f ~
  data_mem_sys/cache_contrl/U29/Y (AO22X1_HVT)     0.05      2.06 f ~
  data_mem_sys/cache_contrl/tags_arr_reg[3][0]/D (DFFNARX1_HVT)
                                                   0.00      2.06 f
  data arrival time                                          2.06

  clock clk (fall edge)                           10.00     10.00
  clock network delay (propagated)                 0.10     10.10
  clock reconvergence pessimism                    0.01     10.11
  data_mem_sys/cache_contrl/tags_arr_reg[3][0]/CLK (DFFNARX1_HVT)
                                                   0.00     10.11 f
  clock uncertainty                               -0.05     10.06
  library setup time                              -0.04     10.02
  data required time                                        10.02
  ------------------------------------------------------------------------
  data required time                                        10.02
  data arrival time                                         -2.06
  ------------------------------------------------------------------------
  slack (MET)                                                7.97



  Startpoint: risc_v/Program_counter/PC_Out_reg[0] (rising edge-triggered flip-flop clocked by clk)
  Endpoint: data_mem_sys/cache_contrl/tags_arr_reg[29][0] (falling edge-triggered flip-flop clocked by clk)
  Mode: default
  Corner: default
  Scenario: default
  Path Group: clk
  Path Type: max

  Point                                            Incr      Path  
  ------------------------------------------------------------------------
  clock clk (rise edge)                            0.00      0.00
  clock network delay (propagated)                 0.11      0.11

  risc_v/Program_counter/PC_Out_reg[0]/CLK (DFFARX1_HVT)
                                                   0.00      0.11 r
  risc_v/Program_counter/PC_Out_reg[0]/Q (DFFARX1_HVT)
                                                   0.13      0.24 r ~
  risc_v/U169/Y (AO22X1_HVT)                       0.09      0.33 r ~
  risc_v/alu/sub_16/U2/Y (INVX0_HVT)               0.03      0.36 f ~
  risc_v/alu/sub_16/U30/Y (NAND2X0_HVT)            0.04      0.40 r ~
  risc_v/alu/sub_16/U2_1/CO (FADDX1_HVT)           0.06      0.46 r ~
  risc_v/alu/sub_16/U2_2/CO (FADDX1_HVT)           0.06      0.52 r ~
  risc_v/alu/sub_16/U2_3/CO (FADDX1_HVT)           0.06      0.58 r ~
  risc_v/alu/sub_16/U2_4/CO (FADDX1_HVT)           0.06      0.64 r ~
  risc_v/alu/sub_16/U2_5/CO (FADDX1_HVT)           0.06      0.70 r ~
  risc_v/alu/sub_16/U2_6/CO (FADDX1_HVT)           0.06      0.75 r ~
  risc_v/alu/sub_16/U2_7/CO (FADDX1_HVT)           0.06      0.81 r ~
  risc_v/alu/sub_16/U2_8/CO (FADDX1_HVT)           0.06      0.88 r ~
  risc_v/alu/sub_16/U2_9/CO (FADDX1_HVT)           0.07      0.95 r ~
  risc_v/alu/sub_16/U2_10/CO (FADDX1_HVT)          0.06      1.01 r ~
  risc_v/alu/sub_16/U2_11/S (FADDX1_HVT)           0.08      1.10 f ~
  risc_v/alu/U75/Y (AOI222X1_HVT)                  0.06      1.16 r ~
  risc_v/alu/U73/Y (NAND2X0_HVT)                   0.12      1.28 f ~
  risc_v/U280/Y (AND2X4_HVT)                       0.10      1.38 f ~
  data_mem_sys/cache_contrl/U290/Y (INVX0_HVT)     0.03      1.41 r ~
  data_mem_sys/cache_contrl/U329/Y (INVX1_HVT)     0.07      1.48 f ~
  data_mem_sys/cache_contrl/U228/Y (XNOR2X1_HVT)   0.08      1.56 r ~
  data_mem_sys/cache_contrl/U244/Y (NAND3X0_HVT)   0.03      1.59 f ~
  data_mem_sys/cache_contrl/U242/Y (AO21X1_HVT)    0.05      1.64 f ~
  data_mem_sys/cache_contrl/U241/Y (NAND2X0_HVT)   0.04      1.68 r ~
  data_mem_sys/cache_contrl/U420/Y (INVX0_HVT)     0.02      1.70 f ~
  data_mem_sys/cache_contrl/U238/Y (NAND3X0_HVT)   0.03      1.73 r ~
  data_mem_sys/cache_contrl/U439/Y (NAND2X0_HVT)   0.04      1.77 f ~
  data_mem_sys/cache_contrl/U232/Y (AND3X2_HVT)    0.06      1.83 f ~
  data_mem_sys/cache_contrl/U159/Y (AND2X1_HVT)    0.06      1.89 f ~
  data_mem_sys/cache_contrl/U158/Y (NAND2X0_HVT)   0.07      1.96 r ~
  data_mem_sys/cache_contrl/U305/Y (INVX0_HVT)     0.05      2.01 f ~
  data_mem_sys/cache_contrl/U133/Y (AO22X1_HVT)    0.05      2.05 f ~
  data_mem_sys/cache_contrl/tags_arr_reg[29][0]/D (DFFNARX1_HVT)
                                                   0.00      2.05 f
  data arrival time                                          2.05

  clock clk (fall edge)                           10.00     10.00
  clock network delay (propagated)                 0.10     10.10
  clock reconvergence pessimism                    0.01     10.11
  data_mem_sys/cache_contrl/tags_arr_reg[29][0]/CLK (DFFNARX1_HVT)
                                                   0.00     10.11 f
  clock uncertainty                               -0.05     10.06
  library setup time                              -0.04     10.02
  data required time                                        10.02
  ------------------------------------------------------------------------
  data required time                                        10.02
  data arrival time                                         -2.05
  ------------------------------------------------------------------------
  slack (MET)                                                7.97



  Startpoint: risc_v/Program_counter/PC_Out_reg[0] (rising edge-triggered flip-flop clocked by clk)
  Endpoint: data_mem_sys/cache_contrl/tags_arr_reg[3][1] (falling edge-triggered flip-flop clocked by clk)
  Mode: default
  Corner: default
  Scenario: default
  Path Group: clk
  Path Type: max

  Point                                            Incr      Path  
  ------------------------------------------------------------------------
  clock clk (rise edge)                            0.00      0.00
  clock network delay (propagated)                 0.11      0.11

  risc_v/Program_counter/PC_Out_reg[0]/CLK (DFFARX1_HVT)
                                                   0.00      0.11 r
  risc_v/Program_counter/PC_Out_reg[0]/Q (DFFARX1_HVT)
                                                   0.13      0.24 r ~
  risc_v/U169/Y (AO22X1_HVT)                       0.09      0.33 r ~
  risc_v/alu/sub_16/U2/Y (INVX0_HVT)               0.03      0.36 f ~
  risc_v/alu/sub_16/U30/Y (NAND2X0_HVT)            0.04      0.40 r ~
  risc_v/alu/sub_16/U2_1/CO (FADDX1_HVT)           0.06      0.46 r ~
  risc_v/alu/sub_16/U2_2/CO (FADDX1_HVT)           0.06      0.52 r ~
  risc_v/alu/sub_16/U2_3/CO (FADDX1_HVT)           0.06      0.58 r ~
  risc_v/alu/sub_16/U2_4/CO (FADDX1_HVT)           0.06      0.64 r ~
  risc_v/alu/sub_16/U2_5/CO (FADDX1_HVT)           0.06      0.70 r ~
  risc_v/alu/sub_16/U2_6/CO (FADDX1_HVT)           0.06      0.75 r ~
  risc_v/alu/sub_16/U2_7/CO (FADDX1_HVT)           0.06      0.81 r ~
  risc_v/alu/sub_16/U2_8/CO (FADDX1_HVT)           0.06      0.88 r ~
  risc_v/alu/sub_16/U2_9/CO (FADDX1_HVT)           0.07      0.95 r ~
  risc_v/alu/sub_16/U2_10/CO (FADDX1_HVT)          0.06      1.01 r ~
  risc_v/alu/sub_16/U2_11/S (FADDX1_HVT)           0.08      1.10 f ~
  risc_v/alu/U75/Y (AOI222X1_HVT)                  0.06      1.16 r ~
  risc_v/alu/U73/Y (NAND2X0_HVT)                   0.12      1.28 f ~
  risc_v/U280/Y (AND2X4_HVT)                       0.10      1.38 f ~
  data_mem_sys/cache_contrl/U290/Y (INVX0_HVT)     0.03      1.41 r ~
  data_mem_sys/cache_contrl/U329/Y (INVX1_HVT)     0.07      1.48 f ~
  data_mem_sys/cache_contrl/U228/Y (XNOR2X1_HVT)   0.08      1.56 r ~
  data_mem_sys/cache_contrl/U244/Y (NAND3X0_HVT)   0.03      1.59 f ~
  data_mem_sys/cache_contrl/U242/Y (AO21X1_HVT)    0.05      1.64 f ~
  data_mem_sys/cache_contrl/U241/Y (NAND2X0_HVT)   0.04      1.68 r ~
  data_mem_sys/cache_contrl/U420/Y (INVX0_HVT)     0.02      1.70 f ~
  data_mem_sys/cache_contrl/U238/Y (NAND3X0_HVT)   0.03      1.73 r ~
  data_mem_sys/cache_contrl/U230/Y (NAND2X0_HVT)   0.04      1.77 f ~
  data_mem_sys/cache_contrl/U285/Y (AND3X2_HVT)    0.06      1.83 f ~
  data_mem_sys/cache_contrl/U333/Y (AND2X1_HVT)    0.07      1.89 f ~
  data_mem_sys/cache_contrl/U171/Y (NAND2X0_HVT)   0.08      1.97 r ~
  data_mem_sys/cache_contrl/U296/Y (INVX0_HVT)     0.04      2.01 f ~
  data_mem_sys/cache_contrl/U30/Y (AO22X1_HVT)     0.05      2.06 f ~
  data_mem_sys/cache_contrl/tags_arr_reg[3][1]/D (DFFNARX1_HVT)
                                                   0.00      2.06 f
  data arrival time                                          2.06

  clock clk (fall edge)                           10.00     10.00
  clock network delay (propagated)                 0.10     10.10
  clock reconvergence pessimism                    0.01     10.11
  data_mem_sys/cache_contrl/tags_arr_reg[3][1]/CLK (DFFNARX1_HVT)
                                                   0.00     10.11 f
  clock uncertainty                               -0.05     10.06
  library setup time                              -0.04     10.02
  data required time                                        10.02
  ------------------------------------------------------------------------
  data required time                                        10.02
  data arrival time                                         -2.06
  ------------------------------------------------------------------------
  slack (MET)                                                7.97



  Startpoint: risc_v/Program_counter/PC_Out_reg[0] (rising edge-triggered flip-flop clocked by clk)
  Endpoint: data_mem_sys/cache_contrl/tags_arr_reg[7][0] (falling edge-triggered flip-flop clocked by clk)
  Mode: default
  Corner: default
  Scenario: default
  Path Group: clk
  Path Type: max

  Point                                            Incr      Path  
  ------------------------------------------------------------------------
  clock clk (rise edge)                            0.00      0.00
  clock network delay (propagated)                 0.11      0.11

  risc_v/Program_counter/PC_Out_reg[0]/CLK (DFFARX1_HVT)
                                                   0.00      0.11 r
  risc_v/Program_counter/PC_Out_reg[0]/Q (DFFARX1_HVT)
                                                   0.13      0.24 r ~
  risc_v/U169/Y (AO22X1_HVT)                       0.09      0.33 r ~
  risc_v/alu/sub_16/U2/Y (INVX0_HVT)               0.03      0.36 f ~
  risc_v/alu/sub_16/U30/Y (NAND2X0_HVT)            0.04      0.40 r ~
  risc_v/alu/sub_16/U2_1/CO (FADDX1_HVT)           0.06      0.46 r ~
  risc_v/alu/sub_16/U2_2/CO (FADDX1_HVT)           0.06      0.52 r ~
  risc_v/alu/sub_16/U2_3/CO (FADDX1_HVT)           0.06      0.58 r ~
  risc_v/alu/sub_16/U2_4/CO (FADDX1_HVT)           0.06      0.64 r ~
  risc_v/alu/sub_16/U2_5/CO (FADDX1_HVT)           0.06      0.70 r ~
  risc_v/alu/sub_16/U2_6/CO (FADDX1_HVT)           0.06      0.75 r ~
  risc_v/alu/sub_16/U2_7/CO (FADDX1_HVT)           0.06      0.81 r ~
  risc_v/alu/sub_16/U2_8/CO (FADDX1_HVT)           0.06      0.88 r ~
  risc_v/alu/sub_16/U2_9/CO (FADDX1_HVT)           0.07      0.95 r ~
  risc_v/alu/sub_16/U2_10/CO (FADDX1_HVT)          0.06      1.01 r ~
  risc_v/alu/sub_16/U2_11/S (FADDX1_HVT)           0.08      1.10 f ~
  risc_v/alu/U75/Y (AOI222X1_HVT)                  0.06      1.16 r ~
  risc_v/alu/U73/Y (NAND2X0_HVT)                   0.12      1.28 f ~
  risc_v/U280/Y (AND2X4_HVT)                       0.10      1.38 f ~
  data_mem_sys/cache_contrl/U290/Y (INVX0_HVT)     0.03      1.41 r ~
  data_mem_sys/cache_contrl/U329/Y (INVX1_HVT)     0.07      1.48 f ~
  data_mem_sys/cache_contrl/U228/Y (XNOR2X1_HVT)   0.08      1.56 r ~
  data_mem_sys/cache_contrl/U244/Y (NAND3X0_HVT)   0.03      1.59 f ~
  data_mem_sys/cache_contrl/U242/Y (AO21X1_HVT)    0.05      1.64 f ~
  data_mem_sys/cache_contrl/U241/Y (NAND2X0_HVT)   0.04      1.68 r ~
  data_mem_sys/cache_contrl/U420/Y (INVX0_HVT)     0.02      1.70 f ~
  data_mem_sys/cache_contrl/U238/Y (NAND3X0_HVT)   0.03      1.73 r ~
  data_mem_sys/cache_contrl/U230/Y (NAND2X0_HVT)   0.04      1.77 f ~
  data_mem_sys/cache_contrl/U285/Y (AND3X2_HVT)    0.06      1.83 f ~
  data_mem_sys/cache_contrl/U333/Y (AND2X1_HVT)    0.07      1.89 f ~
  data_mem_sys/cache_contrl/U180/Y (NAND2X0_HVT)   0.07      1.97 r ~
  data_mem_sys/cache_contrl/U298/Y (INVX0_HVT)     0.04      2.01 f ~
  data_mem_sys/cache_contrl/U45/Y (AO22X1_HVT)     0.05      2.06 f ~
  data_mem_sys/cache_contrl/tags_arr_reg[7][0]/D (DFFNARX1_HVT)
                                                   0.00      2.06 f
  data arrival time                                          2.06

  clock clk (fall edge)                           10.00     10.00
  clock network delay (propagated)                 0.10     10.10
  clock reconvergence pessimism                    0.01     10.12
  data_mem_sys/cache_contrl/tags_arr_reg[7][0]/CLK (DFFNARX1_HVT)
                                                   0.00     10.12 f
  clock uncertainty                               -0.05     10.07
  library setup time                              -0.04     10.02
  data required time                                        10.02
  ------------------------------------------------------------------------
  data required time                                        10.02
  data arrival time                                         -2.06
  ------------------------------------------------------------------------
  slack (MET)                                                7.97


1
